// Jest Snapshot v1, https://goo.gl/fbAQLP

exports[`ViewDetails Component renders ViewDetails 1`] = `ShallowWrapper {}`;
